[reberhardt.com/cs110l/spring-2020/index.html]
[reberhardt.com/cs110l/spring-2020/review.css]
[reberhardt.com/cs110l/spring-2020/codemirror.css]
[backblue.gif]
[fade.gif]
[index.html]
[reberhardt.com/cs110l/spring-2020/style.css]
[reberhardt.com/cs110l/spring-2020/slides/lecture-01.pdf]
[reberhardt.com/cs110l/spring-2020/slides/lecture-02.pdf]
[reberhardt.com/cs110l/spring-2020/slides/lecture-03.pdf]
[reberhardt.com/cs110l/spring-2020/pages/schedule/index.html]
[reberhardt.com/cs110l/spring-2020/slides/lecture-05.pdf]
[reberhardt.com/cs110l/spring-2020/slides/lecture-06.pdf]
[reberhardt.com/cs110l/spring-2020/slides/lecture-07.pdf]
[reberhardt.com/cs110l/spring-2020/slides/lecture-08.pdf]
[reberhardt.com/cs110l/spring-2020/lecture-notes/lecture-02/index.html]
[reberhardt.com/cs110l/spring-2020/slides/lecture-09.pdf]
[reberhardt.com/cs110l/spring-2020/slides/lecture-10.pdf]
[reberhardt.com/cs110l/spring-2020/slides/lecture-11.pdf]
[reberhardt.com/cs110l/spring-2020/slides/lecture-12.pdf]
[reberhardt.com/cs110l/spring-2020/lecture-notes/lecture-03/index.html]
[reberhardt.com/cs110l/spring-2020/slides/lecture-13.pdf]
[reberhardt.com/cs110l/spring-2020/slides/lecture-14.pdf]
[reberhardt.com/cs110l/spring-2020/slides/lecture-15.pdf]
[reberhardt.com/cs110l/spring-2020/slides/lecture-16.pdf]
[reberhardt.com/cs110l/spring-2020/lecture-notes/lecture-04/index.html]
[reberhardt.com/cs110l/spring-2020/slides/lecture-17.pdf]
[reberhardt.com/cs110l/spring-2020/slides/lecture-18.pdf]
[reberhardt.com/cs110l/spring-2020/index.html]
[reberhardt.com/cs110l/spring-2020/review.html]
[reberhardt.com/cs110l/spring-2020/codemirror.html]
[reberhardt.com/cs110l/spring-2020/lecture-notes/lecture-06/index.html]
[reberhardt.com/cs110l/spring-2020/lecture-notes/lecture-05/index.html]
[reberhardt.com/cs110l/spring-2020/style.css]
[reberhardt.com/cs110l/spring-2020/lecture-notes/lecture-07/index.html]
[reberhardt.com/cs110l/spring-2020/lecture-notes/lecture-11/index.html]
[reberhardt.com/cs110l/spring-2020/lecture-notes/lecture-16/index.html]
[reberhardt.com/cs110l/spring-2020/pages/schedule/index.html]
[reberhardt.com/cs110l/spring-2020/handouts/course-information/index.html]
[reberhardt.com/cs110l/spring-2020/handouts/course-material/index.html]
[reberhardt.com/cs110l/spring-2020/lecture-notes/lecture-02/index.html]
[reberhardt.com/cs110l/spring-2020/handouts/tools-tips/index.html]
[reberhardt.com/cs110l/spring-2020/handouts/style-guide/index.html]
[reberhardt.com/cs110l/spring-2020/lecture-notes/lecture-03/index.html]
[reberhardt.com/cs110l/spring-2020/assignments/week-1-exercises/index.html]
[reberhardt.com/cs110l/spring-2020/assignments/week-2-exercises/index.html]
[reberhardt.com/cs110l/spring-2020/lecture-notes/lecture-04/index.html]
[reberhardt.com/cs110l/spring-2020/assignments/project-1/index.html]
[reberhardt.com/cs110l/spring-2020/assignments/week-3-exercises/index.html]
[reberhardt.com/cs110l/spring-2020/lecture-notes/lecture-05/index.html]
[reberhardt.com/cs110l/spring-2020/assignments/week-4-exercises/index.html]
[reberhardt.com/cs110l/spring-2020/lecture-notes/lecture-06/index.html]
[reberhardt.com/cs110l/spring-2020/lecture-notes/lecture-07/index.html]
[reberhardt.com/cs110l/spring-2020/lecture-notes/lecture-11/index.html]
[reberhardt.com/cs110l/spring-2020/lecture-notes/lecture-16/index.html]
[reberhardt.com/cs110l/spring-2020/assignments/week-5-exercises/index.html]
[reberhardt.com/cs110l/spring-2020/assignments/project-2/index.html]
[reberhardt.com/cs110l/spring-2020/assignments/week-6-exercises/index.html]
[reberhardt.com/cs110l/spring-2020/handouts/course-information/index.html]
[reberhardt.com/cs110l/spring-2020/handouts/course-material/index.html]
[reberhardt.com/cdn-cgi/scripts/5c5dd728/cloudflare-static/email-decode.min.js]
[reberhardt.com/blog/images/stanford-myth/04.png]
[cloud.githubusercontent.com/assets/7141867/11717030/ae809a28-9f73-11e5-8c12-79fe9c460401.png]
[reberhardt.com/cs110l/spring-2020/handouts/tools-tips/fzf.mp4]
[reberhardt.com/cs110l/spring-2020/handouts/tools-tips/ag.mp4]
[reberhardt.com/cs110l/spring-2020/handouts/tools-tips/airline.mp4]
[reberhardt.com/cs110l/spring-2020/handouts/tools-tips/index.html]
[reberhardt.com/cs110l/spring-2020/handouts/style-guide/index.html]
[reberhardt.com/cdn-cgi/scripts/email-decode.min.js-cb/cloudflare-static/email-decode.min.js]
[reberhardt.com/cs110l/spring-2020/assignments/week-1-exercises/index.html]
[reberhardt.com/cs110l/spring-2020/assignments/week-2-exercises/index.html]
[reberhardt.com/cs110l/spring-2020/assignments/week-3-exercises/inspect-fds-two-pipes.png]
[reberhardt.com/cs110l/spring-2020/assignments/week-3-exercises/index.html]
[reberhardt.com/cs110l/spring-2020/assignments/week-3-exercises/inspect-fds-stsh.png]
[reberhardt.com/cs110l/spring-2020/assignments/project-1/bugspray.jpg]
[people.cs.rutgers.edu/_pxk/419/notes/images/frames-4.png]
[reberhardt.com/cs110l/spring-2020/assignments/project-1/index.html]
[reberhardt.com/cs110l/spring-2020/assignments/week-4-exercises/index.html]
[reberhardt.com/cs110l/spring-2020/assignments/week-5-exercises/index.html]
[reberhardt.com/cs110l/spring-2020/assignments/week-6-exercises/index.html]
[reberhardt.com/cs110l/spring-2020/assignments/project-2/stale-documentation.png]
[reberhardt.com/cs110l/spring-2020/assignments/project-2/index.html]
[reberhardt.com/cdn-cgi/scripts/email-decode.min.js-cb/cloudflare-static/email-decode.min.html]
